// Jest Snapshot v1, https://goo.gl/fbAQLP

exports[`should call logout on button click 1`] = `
<header>
  <h3>
    Expense Manager
  </h3>
  <NavLink
    activeClassName="isActive"
    ariaCurrent="true"
    exact={true}
    to="/dashboard"
  >
    Dashboard
  </NavLink>
  <NavLink
    activeClassName="isActive"
    ariaCurrent="true"
    exact={true}
    to="/create"
  >
    Create Expense
  </NavLink>
  <button
    onClick={[Function]}
  >
    Logout
  </button>
</header>
`;

exports[`should render header properly 1`] = `
<header>
  <h3>
    Expense Manager
  </h3>
  <NavLink
    activeClassName="isActive"
    ariaCurrent="true"
    exact={true}
    to="/dashboard"
  >
    Dashboard
  </NavLink>
  <NavLink
    activeClassName="isActive"
    ariaCurrent="true"
    exact={true}
    to="/create"
  >
    Create Expense
  </NavLink>
  <button
    onClick={[Function]}
  >
    Logout
  </button>
</header>
`;
